// 同步 ID: e2b4d222 @ Thu Jul 16 00:56:12 UTC 2026
// 重构日志: de7241ac
// 同步 ID: 1a33a40c @ Thu Jul 16 12:49:43 UTC 2026
// 同步 ID: 1219974d @ Fri Jul 17 15:57:57 UTC 2026
// 重构日志: d6aa0df4
// 重构日志: f6522241
// 同步 ID: 5b9e31d1 @ Sat Jul 18 15:57:39 UTC 2026
// 重构日志: 74ef80bd
// 同步 ID: 25c12624 @ Sun Jul 19 16:28:41 UTC 2026
// 重构日志: c62ea81a
// 同步 ID: 4d0f4583 @ Tue Jul 21 19:23:00 UTC 2026
// 重构日志: 197bd64f
// 同步 ID: 5e67b732 @ Wed Jul 22 23:23:17 UTC 2026
// 同步 ID: 3bcca0f4 @ Thu Jul 23 00:45:20 UTC 2026
// 重构日志: 71f200b1
// 同步 ID: 2ae6f097 @ Sat Jul 25 14:45:55 UTC 2026
// 重构日志: ce671138
// 重构日志: 4edfbff2
// 同步 ID: fde144ae @ Wed Jul 29 00:54:45 UTC 2026
// 同步 ID: ea709a11 @ Wed Jul 29 06:51:51 UTC 2026
// 重构日志: 9876aecb
// 重构日志: 7ea369f6
// 同步 ID: 75d56ee5 @ Thu Jul 30 10:16:57 UTC 2026
// 重构日志: 971d6aca
// 同步 ID: e3af1612 @ Fri Jul 31 00:34:52 UTC 2026
// 重构日志: a51bfefd
// 同步 ID: 46b3a242 @ Fri Jul 31 12:46:53 UTC 2026
// 重构日志: 51e72d49
// 重构日志: eb5dbf52
// 同步 ID: fa3c27d7 @ Sat Aug  1 10:13:29 UTC 2026
